$ ssh -i udacity.pem ec2-user@ec2-54-90-100-135.compute-1.amazonaws.com
   ,     #_
   ~\_  ####_        Amazon Linux 2023
  ~~  \_#####\
  ~~     \###|
  ~~       \#/ ___   https://aws.amazon.com/linux/amazon-linux-2023
   ~~       V~' '->
    ~~~         /
      ~~._.   _/
         _/ _/
       _/m/'
[ec2-user@ip-10-1-11-32 ~]$ psql -h udacity.clxc4vuoe7el.us-east-1.rds.amazonaws.com -p 3306 -d udacity
-bash: psql: command not found
[ec2-user@ip-10-1-11-32 ~]$ yum install psql
Error: This command has to be run with superuser privileges (under the root user on most systems).
[ec2-user@ip-10-1-11-32 ~]$ sudo yum install psql
Last metadata expiration check: 0:05:09 ago on Sun Nov 24 10:20:20 2024.
No match for argument: psql
Error: Unable to find a match: psql
[ec2-user@ip-10-1-11-32 ~]$ sudo yum update
Last metadata expiration check: 0:05:42 ago on Sun Nov 24 10:20:20 2024.
Dependencies resolved.
Nothing to do.
Complete!
[ec2-user@ip-10-1-11-32 ~]$ sudo yum install postgresql14
Last metadata expiration check: 0:06:11 ago on Sun Nov 24 10:20:20 2024.
No match for argument: postgresql14
Error: Unable to find a match: postgresql14
[ec2-user@ip-10-1-11-32 ~]$ sudo yum install postgresql
Last metadata expiration check: 0:06:16 ago on Sun Nov 24 10:20:20 2024.
No match for argument: postgresql
Error: Unable to find a match: postgresql
[ec2-user@ip-10-1-11-32 ~]$ sudo yum install psql
Last metadata expiration check: 0:06:34 ago on Sun Nov 24 10:20:20 2024.
No match for argument: psql
Error: Unable to find a match: psql
[ec2-user@ip-10-1-11-32 ~]$ sudo amazon-linux-extras install postgresql10
sudo: amazon-linux-extras: command not found
[ec2-user@ip-10-1-11-32 ~]$ sudo yum install postgresql10
Last metadata expiration check: 0:07:59 ago on Sun Nov 24 10:20:20 2024.
No match for argument: postgresql10
Error: Unable to find a match: postgresql10
[ec2-user@ip-10-1-11-32 ~]$ sudo yum install -y  https://download.postgresql.org/pub/repos/yum/10/redhat/rhel-7-x86_64/pgdg-redhat10-10-2.noarch.rpm
Last metadata expiration check: 0:08:42 ago on Sun Nov 24 10:20:20 2024.
[MIRROR] pgdg-redhat10-10-2.noarch.rpm: Status code: 404 for https://download.postgresql.org/pub/repos/yum/10/redhat/rhel-7-x86_64/pgdg-redhat10-10-2.noarch.rpm (IP: 217.196.149.55)
[MIRROR] pgdg-redhat10-10-2.noarch.rpm: Status code: 404 for https://download.postgresql.org/pub/repos/yum/10/redhat/rhel-7-x86_64/pgdg-redhat10-10-2.noarch.rpm (IP: 217.196.149.55)
[MIRROR] pgdg-redhat10-10-2.noarch.rpm: Status code: 404 for https://download.postgresql.org/pub/repos/yum/10/redhat/rhel-7-x86_64/pgdg-redhat10-10-2.noarch.rpm (IP: 217.196.149.55)
[MIRROR] pgdg-redhat10-10-2.noarch.rpm: Status code: 404 for https://download.postgresql.org/pub/repos/yum/10/redhat/rhel-7-x86_64/pgdg-redhat10-10-2.noarch.rpm (IP: 217.196.149.55)
[FAILED] pgdg-redhat10-10-2.noarch.rpm: Status code: 404 for https://download.postgresql.org/pub/repos/yum/10/redhat/rhel-7-x86_64/pgdg-redhat10-10-2.noarch.rpm (IP: 217.196.149.55)
Status code: 404 for https://download.postgresql.org/pub/repos/yum/10/redhat/rhel-7-x86_64/pgdg-redhat10-10-2.noarch.rpm (IP: 217.196.149.55)
[ec2-user@ip-10-1-11-32 ~]$ sudo sed -i "s/rhel-\$releasever-\$basearch/rhel-latest-x86_64/g" "/etc/yum.repos.d/pgdg-10-redhat.repo"
sed: can't read /etc/yum.repos.d/pgdg-10-redhat.repo: No such file or directory
[ec2-user@ip-10-1-11-32 ~]$ sudo yum install -y postgresql
Last metadata expiration check: 0:09:07 ago on Sun Nov 24 10:20:20 2024.
No match for argument: postgresql
Error: Unable to find a match: postgresql
[ec2-user@ip-10-1-11-32 ~]$ sudo yum install -y postgresql10
Last metadata expiration check: 0:09:12 ago on Sun Nov 24 10:20:20 2024.
No match for argument: postgresql10
Error: Unable to find a match: postgresql10
[ec2-user@ip-10-1-11-32 ~]$ mysql
-bash: mysql: command not found
[ec2-user@ip-10-1-11-32 ~]$ sudo yum install mysql
Last metadata expiration check: 0:10:54 ago on Sun Nov 24 10:20:20 2024.
No match for argument: mysql
Error: Unable to find a match: mysql
[ec2-user@ip-10-1-11-32 ~]$ sudo dnf update -y
Last metadata expiration check: 0:11:30 ago on Sun Nov 24 10:20:20 2024.
Dependencies resolved.
Nothing to do.
Complete!
[ec2-user@ip-10-1-11-32 ~]$ sudo dnf install mariadb105
Last metadata expiration check: 0:11:38 ago on Sun Nov 24 10:20:20 2024.
Dependencies resolved.
=================================================================================================================================================================================================================================
 Package                                                        Architecture                               Version                                                         Repository                                       Size
=================================================================================================================================================================================================================================
Installing:
 mariadb105                                                     x86_64                                     3:10.5.25-1.amzn2023.0.1                                        amazonlinux                                     1.6 M
Installing dependencies:
 mariadb-connector-c                                            x86_64                                     3.1.13-1.amzn2023.0.3                                           amazonlinux                                     196 k
 mariadb-connector-c-config                                     noarch                                     3.1.13-1.amzn2023.0.3                                           amazonlinux                                     9.2 k
 mariadb105-common                                              x86_64                                     3:10.5.25-1.amzn2023.0.1                                        amazonlinux                                      29 k
 perl-Sys-Hostname                                              x86_64                                     1.23-477.amzn2023.0.6                                           amazonlinux                                      18 k

Transaction Summary
=================================================================================================================================================================================================================================
Install  5 Packages

Total download size: 1.8 M
Installed size: 19 M
Is this ok [y/N]: y
Downloading Packages:
(1/5): mariadb-connector-c-config-3.1.13-1.amzn2023.0.3.noarch.rpm                                                                                                                               177 kB/s | 9.2 kB     00:00
(2/5): mariadb105-common-10.5.25-1.amzn2023.0.1.x86_64.rpm                                                                                                                                       852 kB/s |  29 kB     00:00
(3/5): mariadb-connector-c-3.1.13-1.amzn2023.0.3.x86_64.rpm                                                                                                                                      1.8 MB/s | 196 kB     00:00
(4/5): perl-Sys-Hostname-1.23-477.amzn2023.0.6.x86_64.rpm                                                                                                                                        499 kB/s |  18 kB     00:00
(5/5): mariadb105-10.5.25-1.amzn2023.0.1.x86_64.rpm                                                                                                                                               11 MB/s | 1.6 MB     00:00
---------------------------------------------------------------------------------------------------------------------------------------------------------------------------------------------------------------------------------
Total                                                                                                                                                                                            9.3 MB/s | 1.8 MB     00:00
Running transaction check
Transaction check succeeded.
Running transaction test
Transaction test succeeded.
Running transaction
  Preparing        :                                                                                                                                                                                                         1/1
  Installing       : mariadb-connector-c-config-3.1.13-1.amzn2023.0.3.noarch                                                                                                                                                 1/5
  Installing       : mariadb-connector-c-3.1.13-1.amzn2023.0.3.x86_64                                                                                                                                                        2/5
  Installing       : mariadb105-common-3:10.5.25-1.amzn2023.0.1.x86_64                                                                                                                                                       3/5
  Installing       : perl-Sys-Hostname-1.23-477.amzn2023.0.6.x86_64                                                                                                                                                          4/5
  Installing       : mariadb105-3:10.5.25-1.amzn2023.0.1.x86_64                                                                                                                                                              5/5
  Running scriptlet: mariadb105-3:10.5.25-1.amzn2023.0.1.x86_64                                                                                                                                                              5/5
  Verifying        : mariadb-connector-c-3.1.13-1.amzn2023.0.3.x86_64                                                                                                                                                        1/5
  Verifying        : mariadb-connector-c-config-3.1.13-1.amzn2023.0.3.noarch                                                                                                                                                 2/5
  Verifying        : mariadb105-3:10.5.25-1.amzn2023.0.1.x86_64                                                                                                                                                              3/5
  Verifying        : mariadb105-common-3:10.5.25-1.amzn2023.0.1.x86_64                                                                                                                                                       4/5
  Verifying        : perl-Sys-Hostname-1.23-477.amzn2023.0.6.x86_64                                                                                                                                                          5/5

Installed:
  mariadb-connector-c-3.1.13-1.amzn2023.0.3.x86_64       mariadb-connector-c-config-3.1.13-1.amzn2023.0.3.noarch       mariadb105-3:10.5.25-1.amzn2023.0.1.x86_64       mariadb105-common-3:10.5.25-1.amzn2023.0.1.x86_64
  perl-Sys-Hostname-1.23-477.amzn2023.0.6.x86_64

Complete!
[ec2-user@ip-10-1-11-32 ~]$ mysql -h udacity.clxc4vuoe7el.us-east-1.rds.amazonaws.com -P 3306 -u admin -p
Enter password:
ERROR 1045 (28000): Access denied for user 'admin'@'10.1.11.32' (using password: YES)
[ec2-user@ip-10-1-11-32 ~]$ mysql -h udacity.clxc4vuoe7el.us-east-1.rds.amazonaws.com -P 3306 -u admin -p
Enter password:
ERROR 1045 (28000): Access denied for user 'admin'@'10.1.11.32' (using password: YES)
[ec2-user@ip-10-1-11-32 ~]$ mysql -h udacity.clxc4vuoe7el.us-east-1.rds.amazonaws.com -P 3306 -u admin -p
Enter password:
Welcome to the MariaDB monitor.  Commands end with ; or \g.
Your MySQL connection id is 26
Server version: 8.0.39 Source distribution

Copyright (c) 2000, 2018, Oracle, MariaDB Corporation Ab and others.

Type 'help;' or '\h' for help. Type '\c' to clear the current input statement.

MySQL [(none)]> CREATE TABLE test (
    ->     col1 varchar(255),
    ->     col2 varchar(255),
    ->     col3 varchar(255),
    -> );
ERROR 1064 (42000): You have an error in your SQL syntax; check the manual that corresponds to your MySQL server version for the right syntax to use near ')' at line 5
MySQL [(none)]> CREATE TABLE test (     col1 varchar(255),     col2 varchar(255),     col3 varchar(255) );
ERROR 1046 (3D000): No database selected
MySQL [(none)]> Use database udacity
ERROR 1049 (42000): Unknown database 'database'
MySQL [(none)]> Use udacity
ERROR 1049 (42000): Unknown database 'udacity'
MySQL [(none)]> show databases
    -> ;
+--------------------+
| Database           |
+--------------------+
| information_schema |
| mysql              |
| performance_schema |
| sys                |
+--------------------+
4 rows in set (0.002 sec)

MySQL [(none)]> use database mysql
ERROR 1049 (42000): Unknown database 'database'
MySQL [(none)]> use mysql
Reading table information for completion of table and column names
You can turn off this feature to get a quicker startup with -A

Database changed
MySQL [mysql]> CREATE TABLE test (     col1 varchar(255),     col2 varchar(255),     col3 varchar(255) );
ERROR 1044 (42000): Access denied for user 'admin'@'%' to database 'mysql'
MySQL [mysql]> create database dbo
    -> ;
Query OK, 1 row affected (0.010 sec)

MySQL [mysql]> use dbo
Database changed
MySQL [dbo]> CREATE TABLE test (     col1 varchar(255),     col2 varchar(255),     col3 varchar(255) );
Query OK, 0 rows affected (0.040 sec)

MySQL [dbo]> select * from dbo.test
    -> ;
Empty set (0.007 sec)

MySQL [dbo]> select * from dbo.test;
Empty set (0.001 sec)

MySQL [dbo]> select * from dbo.test;
Empty set (0.001 sec)

MySQL [dbo]> insert in to dbo.test values(value 1, value 2, value 3)
    -> ;
ERROR 1064 (42000): You have an error in your SQL syntax; check the manual that corresponds to your MySQL server version for the right syntax to use near 'in to dbo.test values(value 1, value 2, value 3)' at line 1
MySQL [dbo]> insert in to dbo.test values("value 1", "value 2", "value 3")
    -> ;
ERROR 1064 (42000): You have an error in your SQL syntax; check the manual that corresponds to your MySQL server version for the right syntax to use near 'in to dbo.test values("value 1", "value 2", "value 3")' at line 1
MySQL [dbo]> insert into dbo.test values("value 1", "value 2", "value 3");
Query OK, 1 row affected (0.006 sec)

MySQL [dbo]> select * from dbo.test;
+---------+---------+---------+
| col1    | col2    | col3    |
+---------+---------+---------+
| value 1 | value 2 | value 3 |
+---------+---------+---------+
1 row in set (0.001 sec)

MySQL [dbo]>
